// Jest Snapshot v1, https://goo.gl/fbAQLP

exports[`snapshot 1`] = `
<DocumentFragment>
  <section
    class="Playground"
  >
    <input
      class="Symbol"
      maxlength="1"
      placeholder="b"
      type="text"
    />
    <input
      class="Symbol"
      maxlength="1"
      placeholder="e"
      type="text"
    />
    <input
      class="Symbol"
      maxlength="1"
      placeholder="l"
      type="text"
    />
    <input
      class="Symbol"
      maxlength="1"
      placeholder="l"
      type="text"
    />
  </section>
</DocumentFragment>
`;
